Assignment_1_Spring 2026_                                       3 pages      2171 chars
CPCS 222 - Lab 01 Propositional Logic (1)                       2 pages      2666 chars
CPCS 222 - Lab 02 Applications of propositional logic (1)       2 pages      3762 chars
CPCS 222 - Lab 03 - Propositional Equivalance (1)               1 pages      1172 chars
CPCS 222 - Lab 04 - Predicate and Quantifier (1)                3 pages      5071 chars
CPCS 222 - Lab 05 - Inference Rules                             2 pages      3273 chars
CPCS 222 - Lab 06 - Logic and Proofs                            2 pages      2492 chars
CPCS 222 - Lab 07 - Sets Operation                              3 pages      3964 chars
CPCS 222 - Lab 08 -Sequences and Summations                     2 pages      1970 chars
CPCS 222 - Lab 09 -Functions                                    2 pages      2802 chars
CPCS 222 - Lab 10 Relations                                     2 pages      3140 chars
CPCS 222 - Lab 11 Counting I                                    3 pages      4529 chars
CPCS 222 - Lab 12 Counting II                                   2 pages      2943 chars
CPCS222-MidTerm-Spring2026 - Solution v02                       7 pages      8767 chars
CPCS222_01n_LogicProofs                                        56 pages     22576 chars
CPCS222_02n_LogicProofs                                        57 pages     24919 chars
CPCS222_03n_LogicProofs                                        78 pages     27840 chars
CPCS222_04_Sets                                                51 pages     15889 chars
CPCS222_05_Sequences                                           16 pages      5348 chars
CPCS222_06_Summations                                          31 pages     30562 chars
CPCS222_07_Functions                                           28 pages      8560 chars
CPCS222_08_Relations                                           42 pages     18964 chars
CPCS222_Counting                                               51 pages     33328 chars
CPCS222_MathematicalInduction                                  43 pages     50333 chars
